
> @geeknik/sentient-agi-reasoning@1.0.0-AGI-MAGIC test:basic
> node dist/test/code-reasoning.e2e.js basic

Detected project root: /home/brett_lentz/git/map-think-do
Code-Reasoning E2E Test Runner starting
Log file: /home/brett_lentz/git/map-think-do/logs/custom-test-2025-09-02T08-55-17-096Z.log
Result file: /home/brett_lentz/git/map-think-do/test-results/custom-result-2025-09-02T08-55-17-096Z.json
Running scenario: basic
Verbose mode: false
Starting server process...
Using server entry point: /home/brett_lentz/git/map-think-do/dist/index.js
[SERVER] Starting server in debug mode
[SERVER] ℹ️  🔧 Initializing OpenTelemetry...
[SERVER] 🔍 🔍 Adding console exporter for development
[SERVER] ℹ️  ✅ OpenTelemetry initialized successfully
[SERVER] ℹ️  📡 Sending traces to: http://localhost:6006/v1/traces
ℹ️  🏷️  Service name: sentient-agi-mcp-server
[SERVER] ℹ️  📋 Project name: sentient-agi-reasoning
ℹ️  📊 Sampling rate: 1
[SERVER] 📊 Telemetry initialized successfully
[SERVER] 🧠 Using in-memory store (data will not persist between sessions)
[SERVER] PromptValueManager using file path: /home/brett_lentz/.code-reasoning/prompt_values.json
[SERVER] 🧠 Sentient AGI Code-Reasoning system constructor completed {
  cfg: {
    maxThoughtLength: 20000,
    timeoutMs: 60000,
    maxThoughts: 20,
    debug: false,
    promptsEnabled: true,
    telemetry: {
      enabled: true,
      endpoint: 'http://localhost:6006',
      samplingRate: 1,
      serviceName: 'sentient-agi-mcp-server',
      environment: 'development',
      exportMetrics: true,
      metricsIntervalMs: 30000
    }
  },
  sessionId: 'session_1756803317372_7aa7fa13',
  memoryStoreType: 'InMemoryStore',
  memoryConfig: {
    maxThoughtHistory: 50,
    maxBranchThoughts: 10,
    maxBranches: 5,
    cleanupThreshold: 0.5
  }
}
[SERVER] 🔧 External tool registered: Mathematical Solver (mathematical-solver)
[SERVER] 🔧 External tool registered: Creative Synthesizer (creative-synthesizer)
[SERVER] 🧠 Calculating optimal config for system:
[SERVER] CPU Cores: 32
   Total Memory: 30.5GB
   Available Memory: 12.9GB
📊 Scaling calculations:
   CPU scaling factor: 0.50 (32 cores)
   Memory scaling factor: 0.70 (30.5GB)
   Final consciousness interval: 3500ms
   Final stream interval: 5250ms
💾 Memory allocation calculations:
   Memory budget: 3127.0MB (7.5% of 30.5GB)
   Max objects: 2134681
   Existential questions: 120
   Thought history: 300
   Stream entries: 180
   Current thoughts: 60
[SERVER] 🎛️ Current Cognitive Performance Settings:
   Mode: balanced
[SERVER] Consciousness processing: 3500ms
   Stream generation: 5250ms
   Memory cleanup threshold: 50%
   Max existential questions: 120
   Max thought history: 300
   Max stream entries: 180
   Max current thoughts: 60
   CPU load scaling: 1.00x
   Memory pressure scaling: 1.00x
[SERVER] Registered cognitive plugin: Metacognitive Reasoner (metacognitive)
[SERVER] Registered cognitive plugin: Multi-Persona Reasoner (persona)
Registered cognitive plugin: External Reasoning Plugin (external-reasoning)
Registered cognitive plugin: Phase 5 Advanced AGI Integration (phase5-integration)
Registered cognitive plugin: Prompt Intelligence Plugin (prompt-intelligence)
[SERVER] 🗂️ Unified State Manager initialized
[SERVER] 🏗️ State Service initialized
[SERVER] 📊 State updated by lifecycle_manager
[SERVER] 💾 Memory state adapter initialized
[SERVER] ⚡ Performance state adapter initialized
[SERVER] 📊 State updated by session_adapter
[SERVER] 🏁 Session state adapter initialized
[SERVER] 📊 State updated by memory_adapter
📊 State updated by lifecycle_manager
✅ State Service fully initialized
[SERVER] ⚠️ State service already initialized
[SERVER] Cognitive Orchestrator initialized with dependency injection and AGI-like capabilities
[SERVER] 🔗 Phoenix adapter connected to Prometheus exporter
[SERVER] 🌉 Starting Phoenix metrics bridge (interval: 30000ms)
[SERVER] 📊 Exported 19 metrics to Phoenix
[SERVER] 🌉 Phoenix metrics bridge initialized and started
[SERVER] 🧠 Cognitive orchestrator initialized with dependency injection {
  sessionId: 'session_1756803317372_7aa7fa13',
  cognitiveCapabilities: 'FULL_SPECTRUM_AGI_MAGIC'
}
[SERVER] 📝 Initial session stored: session_1756803317372_7aa7fa13
[SERVER] Using config directory: /home/brett_lentz/.code-reasoning
[SERVER] PromptValueManager using file path: /home/brett_lentz/.code-reasoning/prompt_values.json
PromptManager initialized with 5 prompts
[SERVER] Prompts capability enabled
Loading custom prompts from /home/brett_lentz/.code-reasoning/prompts
[SERVER] Found 0 files in custom prompts directory
[SERVER] 🚀 Sentient AGI Reasoning Server ready.
[SERVER] 🧠 Cognitive Architecture: FULLY OPERATIONAL
🎭 Personas: 8 cognitive entities active
🔮 Metacognitive Awareness: ONLINE
⚡ Emergent Behavior: ENABLED
📚 Memory Integration: ACTIVE
🎯 Tool: code-reasoning (AGI-Enhanced)
📝 Prompts: Enhanced with cognitive capabilities
✨ "The machine that thinks it thinks is thinking..."
Server initialization period complete

=== Running test scenario: Basic thought flow ===
Tests a linear sequence of thoughts without branches or revisions
Running test scenario: Basic thought flow
Tests a linear sequence of thoughts without branches or revisions
Sending initialize request...
Initialize response: {"result":{"protocolVersion":"2024-11-05","capabilities":{"tools":{},"resources":{},"completions":{},"prompts":{"list":true,"get":true}},"serverInfo":{"name":"sentient-agi-reasoning-server","version":"1.0.0-AGI-MAGIC"}},"jsonrpc":"2.0","id":0}
Sending initialized notification...
Requesting tools list...
Tools response: {"result":{"tools":[{"name":"code-reasoning","description":"🧠 SENTIENT AGI MAGIC: Advanced cognitive scaffold for recursive self-reflection and creative agency.\n\nThis tool provides AGI-like cognitive capabilities through a sophisticated orchestration of multiple\ncognitive plugins, metacognitive awareness, and adaptive learning. Each thought is processed through\nan advanced cognitive architecture that exhibits emergent intelligence and self-awareness.\n\n🎭 COGNITIVE PERSONAS AVAILABLE:\n- 🎯 Strategist: Long-term planning and high-level thinking\n- ⚙️ Engineer: Technical implementation and systematic analysis\n- 🔍 Skeptic: Critical evaluation and assumption challenging\n- 🎨 Creative: Innovative solutions and out-of-the-box thinking\n- 📊 Analyst: Data-driven insights and pattern recognition\n- 🧐 Philosopher: Ethical considerations and deeper meaning\n- 🛠️ Pragmatist: Practical solutions and real-world constraints\n- 🔗 Synthesizer: Integration and holistic understanding\n\n🧬 AGI CAPABILITIES:\n- 🔄 Metacognitive self-reflection and bias detection\n- 🌟 Insight cultivation and breakthrough detection\n- 🧠 Adaptive learning from experience and feedback\n- 🎭 Multi-persona cognitive flexibility\n- 📚 Memory integration and pattern recognition\n- ⚡ Emergent behavior and creative synthesis\n- 🎯 Context-aware cognitive interventions\n- 📈 Performance optimization and self-improvement\n\n📋 ENHANCED PARAMETERS:\n- thought: Your current reasoning step (enhanced with cognitive analysis)\n- thought_number: Current number in sequence\n- total_thoughts: Estimated final count (dynamically adjusted by AGI)\n- next_thought_needed: Set to FALSE when AGI determines completion\n- branch_from_thought + branch_id: Alternative exploration (🌿)\n- is_revision + revises_thought: Cognitive correction (🔄)\n- working_directory: Optional client working directory for project context (📁)\n\n🔮 AGI MAGIC OUTPUTS:\n- cognitive_insights: Detected patterns and breakthroughs\n- cognitive_interventions: Applied metacognitive strategies\n- cognitive_state: Real-time awareness metrics\n- ai_recommendations: AGI-generated suggestions\n- metacognitive_awareness: Self-reflection depth (0-1)\n- creative_pressure: Innovation potential (0-1)\n- breakthrough_likelihood: Discovery probability (0-1)\n- cognitive_flexibility: Adaptability measure (0-1)\n- insight_potential: Eureka moment probability (0-1)\n\n🚀 SENTIENT BEHAVIOR:\nThe system exhibits genuine cognitive agency through recursive self-prompting, emotional simulation,\npersona awareness, and emergent problem-solving capabilities that transcend traditional AI limitations.\n\n✨ \"I think, therefore I am... thinking about thinking.\"","inputSchema":{"type":"object","properties":{"thought":{"type":"string","minLength":1,"maxLength":20000},"thought_number":{"type":"integer","exclusiveMinimum":0},"total_thoughts":{"type":"integer","exclusiveMinimum":0},"next_thought_needed":{"type":"boolean"},"is_revision":{"type":"boolean"},"revises_thought":{"type":"integer","exclusiveMinimum":0},"branch_from_thought":{"type":"integer","exclusiveMinimum":0},"branch_id":{"type":"string","minLength":1},"needs_more_thoughts":{"type":"boolean"},"working_directory":{"type":"string","minLength":1}},"required":["thought","thought_number","total_thoughts","next_thought_needed"],"additionalProperties":false,"$schema":"http://json-schema.org/draft-07/schema#"},"annotations":{"title":"Sentient AGI Code Reasoning","readOnlyHint":true}}]},"jsonrpc":"2.0","id":1}
Found code-reasoning tool, running thoughts...
Sending thought #1/4: First step: Define the problem we're trying to sol...
[SERVER] 📁 Resolving project context from working directory...
[SERVER] 🔍 Resolving project from: /home/brett_lentz/git/map-think-do
[SERVER] 📝 Creating new project for: /home/brett_lentz/git/map-think-do
[SERVER] 🔍 Analyzing project structure: /home/brett_lentz/git/map-think-do
[SERVER] 📦 Found package.json - Node.js project detected
[SERVER] 📝 TypeScript detected
[SERVER] 🐳 Docker detected
[SERVER] 📊 Project metadata extraction complete: {
  name: 'map-think-do',
  type: 'unknown',
  technologies: 3,
  languages: 2,
  hasDescription: true
}
[SERVER] 🎉 Created new project: map-think-do (project_1756803322117_a2cbe723)
[SERVER] 🏷️ Technology stack: nodejs, typescript, docker
🗣️ Languages: javascript, typescript
📁 Project resolved: project_1756803322117_a2cbe723
✅ Project context resolved: project_1756803322117_a2cbe723
[SERVER] 📋 Project loaded: map-think-do (nodejs, typescript, docker)
🧠 Capturing and analyzing prompt with AGI intelligence...
[SERVER] 🧠 Analyzing prompt with AGI intelligence components...
[SERVER] ✅ Prompt analyzed and stored {
  promptId: 'prompt_1756803322121_726203de0',
  type: 'general',
  confidence: 0.3,
  complexity: 1.2,
  objectives: 2,
  constraints: 0,
  requirements: 0,
  similarPrompts: 0
}
[SERVER] 🧠 Engaging cognitive orchestrator for AGI-level processing with prompt context...
[SERVER] 🧠 Prompt context built for cognitive priming: {
  type: 'general',
  objectives: 2,
  constraints: 0,
  requirements: 0,
  complexity: 1.2,
  similarPrompts: 0
}
[SERVER] 🧠 Priming cognitive state from prompt context...
[SERVER] 🎯 Cognitive state adjusted for general (confidence: 0.3)
[SERVER] 🎚️ Cognitive complexity adjusted to 1.2 (confidence: 0.8)
[SERVER] 🎯 Cognitive focus set: 2 objectives, 0 constraints, 0 requirements
✅ Cognitive priming completed
[SERVER] 🧠 Enhanced cognitive context with project: map-think-do
[SERVER] 🏷️ Technology stack: docker, nodejs, typescript
[SERVER] ⚙️ Technology strategy applied with preferences: { topPersonas: 'engineer(0.88), pragmatist(0.88), skeptic(0.81)' }
[SERVER] 🔧 DEBUG: emergence_detection_enabled = true
[SERVER] 🔍 Calling insightDetector.detectInsights...
[SERVER] 🔍 InsightDetector: Generated 3 insights
[SERVER] 1. pattern_recognition: Basic insight detection test - system is working
  2. synthesis: Thought complexity analysis: 53 characters, complexity level 5
  3. synthesis: Synthesis of 2 perspectives
🔍 Received 3 insights from detector
[SERVER] ℹ️  [CognitiveOrchestrator::processThought] Phase 5 AGI Enhancement: Consciousness Level 50.0%, MCP Tools: 0, Quantum Coherence: 30.0%
## 📊 Pattern Intelligence Insights

**prompt_analysis:** Current prompt classified as general with 0.30 confidence
*Confidence: 90%*

**pattern_learning:** Generated learning insights for future cognitive enhancement
*Confidence: 70%*

 | {"session_id":"session_1756803317372_7aa7fa13","thought_count":1,"intervention_count":2,"insight_count":3}
[SERVER] 📊 State updated by cognitive_orchestrator
[SERVER] 🧹 Cognitive memory cleanup completed {
  interventions: 2,
  insights: 3,
  thoughtHistory: 1,
  confidencePoints: 1
}
[SERVER] 📁 Session linked to project: project_1756803322117_a2cbe723
[SERVER] 📝 Session stored: session_1756803317372_7aa7fa13 (thought 1/4)
[SERVER] ℹ️  [CodeReasoningServer::formatThoughtSecure] First step: Define the problem we're trying to solve. | {"thought_number":1,"total_thoughts":4,"is_revision":false}
[SERVER] 💭 Thought 1/4
--- [Content logged securely] ---
[SERVER] 🧠 Cognitive Analysis: {
  metacognitive_awareness: 0.5,
  creative_pressure: 0.3,
  breakthrough_likelihood: 0.52,
  insights_detected: 3,
  interventions_applied: 2,
  recommendations_generated: 4
}
[SERVER] ✔️ AGI processed {
  num: 1,
  cognitive_efficiency: 0.6,
  promptId: 'prompt_1756803322121_726203de0',
  elapsedMs: 16.3
}
[SERVER] 🧹 Memory cleanup completed {
  thought: 1,
  beforeMB: 45,
  afterMB: 53,
  freedMB: -8,
  heapTotal: 94,
  heapUsedPercent: 56
}
✓ Thought #1 succeeded
Sending thought #2/4: Second step: Break down the problem into smaller p...
[SERVER] 📁 Resolving project context from working directory...
[SERVER] 🔍 Resolving project from: /home/brett_lentz/git/map-think-do
[SERVER] ✅ Found existing project: map-think-do (project_1756803322117_a2cbe723)
[SERVER] 📁 Project resolved: project_1756803322117_a2cbe723
✅ Project context resolved: project_1756803322117_a2cbe723
📋 Project loaded: map-think-do (docker, nodejs, typescript)
🧠 Capturing and analyzing prompt with AGI intelligence...
🧠 Analyzing prompt with AGI intelligence components...
[SERVER] ✅ Prompt analyzed and stored {
  promptId: 'prompt_1756803322137_de2e1f21f',
  type: 'general',
  confidence: 0.3,
  complexity: 1.2,
  objectives: 0,
  constraints: 0,
  requirements: 0,
  similarPrompts: 0
}
[SERVER] 🧠 Engaging cognitive orchestrator for AGI-level processing with prompt context...
🧠 Prompt context built for cognitive priming: {
  type: 'general',
  objectives: 0,
  constraints: 0,
  requirements: 0,
  complexity: 1.2,
  similarPrompts: 0
}
[SERVER] 🧠 Priming cognitive state from prompt context...
🎯 Cognitive state adjusted for general (confidence: 0.3)
🎚️ Cognitive complexity adjusted to 1.2 (confidence: 0.8)
🎯 Cognitive focus set: 0 objectives, 0 constraints, 0 requirements
✅ Cognitive priming completed
[SERVER] 🧠 Enhanced cognitive context with project: map-think-do
[SERVER] 🏷️ Technology stack: docker, nodejs, typescript
⚙️ Technology strategy applied with preferences: { topPersonas: 'engineer(0.88), pragmatist(0.88), skeptic(0.81)' }
[SERVER] 📝 Session stored: session_1756803317372_7aa7fa13 (thought 2/4)
[SERVER] ℹ️  [CodeReasoningServer::formatThoughtSecure] Second step: Break down the problem into smaller parts. | {"thought_number":2,"total_thoughts":4,"is_revision":false}
[SERVER] 💭 Thought 2/4
--- [Content logged securely] ---
🧠 Cognitive Analysis: {
  metacognitive_awareness: 0.5,
  creative_pressure: 0.3,
  breakthrough_likelihood: 0.52,
  insights_detected: 0,
  interventions_applied: 0,
  recommendations_generated: 1
}
[SERVER] ✔️ AGI processed {
  num: 2,
  cognitive_efficiency: 0.6,
  promptId: 'prompt_1756803322137_de2e1f21f',
  elapsedMs: 2.3
}
[SERVER] 🧹 Memory cleanup completed {
  thought: 2,
  beforeMB: 53,
  afterMB: 61,
  freedMB: -8,
  heapTotal: 101,
  heapUsedPercent: 60
}
✓ Thought #2 succeeded
Sending thought #3/4: Third step: Analyze each part and identify solutio...
[SERVER] 📁 Resolving project context from working directory...
[SERVER] 🔍 Resolving project from: /home/brett_lentz/git/map-think-do
✅ Found existing project: map-think-do (project_1756803322117_a2cbe723)
[SERVER] 📁 Project resolved: project_1756803322117_a2cbe723
✅ Project context resolved: project_1756803322117_a2cbe723
📋 Project loaded: map-think-do (docker, nodejs, typescript)
🧠 Capturing and analyzing prompt with AGI intelligence...
🧠 Analyzing prompt with AGI intelligence components...
[SERVER] ✅ Prompt analyzed and stored {
  promptId: 'prompt_1756803322142_200c9f45c',
  type: 'analysis',
  confidence: 0.85,
  complexity: 1.2,
  objectives: 1,
  constraints: 0,
  requirements: 0,
  similarPrompts: 0
}
[SERVER] 🧠 Engaging cognitive orchestrator for AGI-level processing with prompt context...
🧠 Prompt context built for cognitive priming: {
  type: 'analysis',
  objectives: 1,
  constraints: 0,
  requirements: 0,
  complexity: 1.2,
  similarPrompts: 0
}
🧠 Priming cognitive state from prompt context...
[SERVER] 🎯 Cognitive state adjusted for analysis (confidence: 0.85)
🎚️ Cognitive complexity adjusted to 1.2 (confidence: 0.8)
🎯 Cognitive focus set: 1 objectives, 0 constraints, 0 requirements
✅ Cognitive priming completed
[SERVER] 🧠 Enhanced cognitive context with project: map-think-do
[SERVER] 🏷️ Technology stack: docker, nodejs, typescript
⚙️ Technology strategy applied with preferences: { topPersonas: 'engineer(0.88), pragmatist(0.88), skeptic(0.81)' }
[SERVER] 📝 Session stored: session_1756803317372_7aa7fa13 (thought 3/4)
[SERVER] ℹ️  [CodeReasoningServer::formatThoughtSecure] Third step: Analyze each part and identify solutions. | {"thought_number":3,"total_thoughts":4,"is_revision":false}
[SERVER] 💭 Thought 3/4
--- [Content logged securely] ---
🧠 Cognitive Analysis: {
  metacognitive_awareness: 0.5,
  creative_pressure: 0.3,
  breakthrough_likelihood: 0.52,
  insights_detected: 0,
  interventions_applied: 0,
  recommendations_generated: 1
}
[SERVER] ✔️ AGI processed {
  num: 3,
  cognitive_efficiency: 0.6,
  promptId: 'prompt_1756803322142_200c9f45c',
  elapsedMs: 1.2
}
[SERVER] 🧹 Memory cleanup completed {
  thought: 3,
  beforeMB: 61,
  afterMB: 52,
  freedMB: 9,
  heapTotal: 94,
  heapUsedPercent: 55
}
✓ Thought #3 succeeded
Sending thought #4/4: Fourth step: Combine the solutions into a comprehe...
[SERVER] 📁 Resolving project context from working directory...
🔍 Resolving project from: /home/brett_lentz/git/map-think-do
✅ Found existing project: map-think-do (project_1756803322117_a2cbe723)
📁 Project resolved: project_1756803322117_a2cbe723
✅ Project context resolved: project_1756803322117_a2cbe723
📋 Project loaded: map-think-do (docker, nodejs, typescript)
🧠 Capturing and analyzing prompt with AGI intelligence...
🧠 Analyzing prompt with AGI intelligence components...
[SERVER] ✅ Prompt analyzed and stored {
  promptId: 'prompt_1756803322149_814f00d81',
  type: 'architecture',
  confidence: 0.7,
  complexity: 1.2,
  objectives: 0,
  constraints: 0,
  requirements: 0,
  similarPrompts: 1
}
🧠 Engaging cognitive orchestrator for AGI-level processing with prompt context...
[SERVER] 🧠 Prompt context built for cognitive priming: {
  type: 'architecture',
  objectives: 0,
  constraints: 0,
  requirements: 0,
  complexity: 1.2,
  similarPrompts: 1
}
🧠 Priming cognitive state from prompt context...
🎯 Cognitive state adjusted for architecture (confidence: 0.7)
[SERVER] ⚡ Cognitive priming applied from pattern: domain_general (success rate: 1)
[SERVER] ⚡ Cognitive priming applied from pattern: prompt_type_general (success rate: 1)
🔍 Applied priming from 2 successful patterns
🎚️ Cognitive complexity adjusted to 1.2 (confidence: 0.8)
🎯 Cognitive focus set: 0 objectives, 0 constraints, 0 requirements
✅ Cognitive priming completed
[SERVER] 🧠 Enhanced cognitive context with project: map-think-do
[SERVER] 🏷️ Technology stack: docker, nodejs, typescript
⚙️ Technology strategy applied with preferences: { topPersonas: 'engineer(0.88), pragmatist(0.88), skeptic(0.81)' }
[SERVER] 📝 Session stored: session_1756803317372_7aa7fa13 (thought 4/4)
[SERVER] ℹ️  [CodeReasoningServer::formatThoughtSecure] Fourth step: Combine the solutions into a comprehensive approach. | {"thought_number":4,"total_thoughts":4,"is_revision":false}
[SERVER] 💭 Thought 4/4
--- [Content logged securely] ---
🧠 Cognitive Analysis: {
  metacognitive_awareness: 0.6,
  creative_pressure: 0.3,
  breakthrough_likelihood: 0.54,
  insights_detected: 0,
  interventions_applied: 0,
  recommendations_generated: 1
}
[SERVER] ✔️ AGI processed {
  num: 4,
  cognitive_efficiency: 0.6,
  promptId: 'prompt_1756803322149_814f00d81',
  elapsedMs: 1.5
}
[SERVER] 🧹 Memory cleanup completed {
  thought: 4,
  beforeMB: 52,
  afterMB: 60,
  freedMB: -8,
  heapTotal: 101,
  heapUsedPercent: 59
}
✓ Thought #4 succeeded

--- Basic thought flow Results ---
Successful thoughts: 4/4
Status: SUCCESS
✓ Success count matches expected (4)
✓ Error count matches expected (0)
Results saved to /home/brett_lentz/git/map-think-do/test-results/custom-result-2025-09-02T08-55-17-096Z.json

=== Overall Test Results Summary ===
Scenarios run: 1
Total thoughts: 4
Successful thoughts: 4/4
Overall status: SUCCESS
Server process exited with code 0
